src/components/TaskManager.tsx(124,29): error TS7006: Parameter 'id' implicitly has an 'any' type.
src/components/TaskManager.tsx(158,23): error TS7006: Parameter 'task' implicitly has an 'any' type.
src/components/TaskManager.tsx(226,34): error TS2339: Property 'title' does not exist on type 'never'.
src/components/TaskManager.tsx(227,49): error TS2698: Spread types may only be created from object types.
src/components/TaskManager.tsx(234,34): error TS2339: Property 'description' does not exist on type 'never'.
src/components/TaskManager.tsx(235,49): error TS2698: Spread types may only be created from object types.
src/components/TaskManager.tsx(240,34): error TS2339: Property 'due_date' does not exist on type 'never'.
src/components/TaskManager.tsx(241,49): error TS2698: Spread types may only be created from object types.
src/components/TaskManager.tsx(268,28): error TS2339: Property 'id' does not exist on type 'never'.
src/components/TaskManager.tsx(270,59): error TS2339: Property 'title' does not exist on type 'never'.
src/components/TaskManager.tsx(271,52): error TS2339: Property 'description' does not exist on type 'never'.
src/components/TaskManager.tsx(273,66): error TS2339: Property 'status' does not exist on type 'never'.
src/components/TaskManager.tsx(273,114): error TS2339: Property 'status' does not exist on type 'never'.
src/components/TaskManager.tsx(273,186): error TS2339: Property 'status' does not exist on type 'never'.
src/components/TaskManager.tsx(275,23): error TS2339: Property 'due_date' does not exist on type 'never'.
src/components/TaskManager.tsx(276,76): error TS2339: Property 'due_date' does not exist on type 'never'.
src/components/TaskManager.tsx(287,50): error TS2339: Property 'id' does not exist on type 'never'.
supabase/functions/create-task/index.ts(7,30): error TS2307: Cannot find module 'npm:@supabase/supabase-js@2.40.0' or its corresponding type declarations.
supabase/functions/create-task/index.ts(9,1): error TS2304: Cannot find name 'Deno'.
supabase/functions/create-task/index.ts(9,19): error TS7006: Parameter 'req' implicitly has an 'any' type.
supabase/functions/create-task/index.ts(32,13): error TS2304: Cannot find name 'Deno'.
supabase/functions/create-task/index.ts(33,13): error TS2304: Cannot find name 'Deno'.
supabase/functions/create-task/index.ts(86,57): error TS18046: 'error' is of type 'unknown'.
supabase/functions/create-task/index.ts(87,53): error TS18046: 'error' is of type 'unknown'.
supabase/functions/delete-task/index.ts(7,30): error TS2307: Cannot find module 'npm:@supabase/supabase-js@2.40.0' or its corresponding type declarations.
supabase/functions/delete-task/index.ts(9,1): error TS2304: Cannot find name 'Deno'.
supabase/functions/delete-task/index.ts(9,19): error TS7006: Parameter 'req' implicitly has an 'any' type.
supabase/functions/delete-task/index.ts(32,13): error TS2304: Cannot find name 'Deno'.
supabase/functions/delete-task/index.ts(33,13): error TS2304: Cannot find name 'Deno'.
supabase/functions/delete-task/index.ts(88,57): error TS18046: 'error' is of type 'unknown'.
supabase/functions/delete-task/index.ts(89,53): error TS18046: 'error' is of type 'unknown'.
supabase/functions/get-tasks/index.ts(8,30): error TS2307: Cannot find module 'npm:@supabase/supabase-js@2.40.0' or its corresponding type declarations.
supabase/functions/get-tasks/index.ts(11,1): error TS2304: Cannot find name 'Deno'.
supabase/functions/get-tasks/index.ts(11,19): error TS7006: Parameter 'req' implicitly has an 'any' type.
supabase/functions/get-tasks/index.ts(37,13): error TS2304: Cannot find name 'Deno'.
supabase/functions/get-tasks/index.ts(39,13): error TS2304: Cannot find name 'Deno'.
supabase/functions/get-tasks/index.ts(79,55): error TS18046: 'error' is of type 'unknown'.
supabase/functions/get-tasks/index.ts(80,53): error TS18046: 'error' is of type 'unknown'.
supabase/functions/update-task/index.ts(7,30): error TS2307: Cannot find module 'npm:@supabase/supabase-js@2.40.0' or its corresponding type declarations.
supabase/functions/update-task/index.ts(9,1): error TS2304: Cannot find name 'Deno'.
supabase/functions/update-task/index.ts(9,19): error TS7006: Parameter 'req' implicitly has an 'any' type.
supabase/functions/update-task/index.ts(32,13): error TS2304: Cannot find name 'Deno'.
supabase/functions/update-task/index.ts(33,13): error TS2304: Cannot find name 'Deno'.
supabase/functions/update-task/index.ts(111,57): error TS18046: 'error' is of type 'unknown'.
supabase/functions/update-task/index.ts(112,53): error TS18046: 'error' is of type 'unknown'.
